[dotenv@17.2.4] injecting env (6) from .env -- tip: ≡ƒöÉ prevent committing .env to code: https://dotenvx.com/precommit
≡ƒÜÇ Starting External User Flow Test...

1. Registering user: lawyer_1770722769095...
